C:/Users/nadee/embedded-performance-logger/EmbeddedPerformanceLogger/Core/Src/main.c:66:5:main	1
C:/Users/nadee/embedded-performance-logger/EmbeddedPerformanceLogger/Core/Src/main.c:116:6:SystemClock_Config	3
C:/Users/nadee/embedded-performance-logger/EmbeddedPerformanceLogger/Core/Src/main.c:164:13:MX_USART2_UART_Init	2
C:/Users/nadee/embedded-performance-logger/EmbeddedPerformanceLogger/Core/Src/main.c:197:13:MX_GPIO_Init	1
C:/Users/nadee/embedded-performance-logger/EmbeddedPerformanceLogger/Core/Src/main.c:239:6:Error_Handler	1
